Person
	Id = "07406af6-61a9-434f-aefe-f99a10cdadfd"
	Name = "Вася"
	Age = 18
