Person
	Id = "07406af6-61a9-434f-aefe-f99a10cdadfd"
	Name = "Ахмед Мухаммед"
	Height = 180
	Age = 23