Person
	Id = "07406af6-61a9-434f-aefe-f99a10cdadfd"
	Name = "Вася"
	Height = 1,6 m
	Age = 18