Person
	Name = Jo,
	Height = 123.4,
	Children = null,
	Weigths = null,
	Dict = null