[
	{
		John: Doe,
		Hello: World
	},
	{
		Hello: Worlds,
		John: Does
	},
	{
		Lorem: Ipsum,
		Ipsum: Lorem
	}
]