Person
	Id = 00000000-0000-0000-0000-000000000000
	Name = John
	Height = 123.4
	Age = 25
	Children = [
		Person
			Id = 00000000-0000-0000-0000-000000000000
			Name = Child1
			Height = 0
			Age = 0
			Children = null
			Weigths = null
			Dict = null
		Person
			Id = 00000000-0000-0000-0000-000000000000
			Name = Child2
			Height = 0
			Age = 0
			Children = null
			Weigths = null
			Dict = null
	]
	Weigths = null
	Dict = null

