BaseLibrary
	Books = 
		Collection
			Book
				Title = "1984"
				Author = "George Orwell"
			Book
				Title = "To Kill a Mockingbird"
				Author = "Harper Lee"
			Book
				Title = "The Great Gatsby"
				Author = "F. Scott Fitzgerald"
			Book
				Title = "Pride and Prejudice"
				Author = "Jane Austen"
	Name = "Имени кого-то там"