Person
	Id = 00000000-0000-0000-0000-000000000000
	Name = Андрей 
	Height = 19.2
	Age = 20
	PlaceBirth = Uknown
