Person
	Name = новое имя челика Al
	Height = 12,1
	PlaceBirth = null
