Person
	Id = 2a5cacd7-a7a6-4c78-9b7c-c3377846cadd
	Name = Alex
	Height = 1,81
	Age = 19
	DateOfBirth = четверг, 9 сентября 2004 г.
	Addresses = null
	Children = null
	Father = null
