Person
	Id = 2a5cacd7-a7a6-4c78-9b7c-c3377846cadd
	Name = Alex
	Height = 1,81
	Age = 19
	DateOfBirth = 09.09.1985 00:00:00
	Addresses = null
	Children = null
	Father = null
