
	KeyValuePair
		Key = 25
		Value = 
			hello
			its
			me
	KeyValuePair
		Key = 48
		Value = 
			i
			was
			wondering..
