Person
	Id = Guid
	Name = Alex
	Age = 19
	Status = Student
