A
	AField = Hello
	Cycle = B
		BField = 10
		Cycle = Cycle Reference