Person
	Id = 00000000-0000-0000-0000-000000000000
	Height = 0
	Age = 19
	Birthdate = 21.01.2021 0:00:00
	test = null