Person
	Id = Guid
	Name = null
	Height = 527.963598
	Age = 0
Property type ObjectPrinting.Tests.Person serialized in an alternate way
