Person
	Id = Guid
M	Height = 527.963598
	Age = 0
	Child = Person
		Id = Guid
F		Height = 0
		Age = 0
		Child = null
