Person
	Id = Guid
	Name = null
	Height = 0
	Child = Person
		Id = Guid
		Name = null
		Height = 0
		Child = null
