Person
	Id = Guid
	Name = null
	Age = 0
	Child = Person
		Id = Guid
		Name = null
		Age = 0
		Child = null
