Person
	Id = Guid
Property type System.String serialized in an alternate way
	Height = 527.963598
	Age = 0
	Child = Person
		Id = Guid
Property type System.String serialized in an alternate way
		Height = 0
		Age = 0
		Child = null
