 Person
	Id = Guid
	Name = null
527,963598	Age = 0
	Child = Person
		Id = Guid
		Name = null
0		Age = 0
		Child = null
