Person
	Name = null
	Height = 0
	Age = 0
	Child = Person
		Name = null
		Height = 0
		Age = 0
		Child = null
